%!Adobe-FontList 1.20
%Locale:0x409

%BeginFont
Handler:DirectoryHandler
FontType:Type1
FontName:MarkPro-Bold
FamilyName:Mark Pro
StyleName:Bold
MenuName:MarkPro-Bold
StyleBits:0
WeightClass:700
WidthClass:5
AngleClass:0
FullName:MarkPro-Bold
WritingScript:Roman
OutlineFileName:/Users/timograhl/Desktop/CORELEUS_Web_200619/Document fonts/FontFont_FF.Mark.Pro.Bold.otf
DataFormat:sfntData
UsesStandardEncoding:yes
isCFF:yes
hasSVG:no
VariableFontType:NonVariableFont
FileLength:165936
FileModTime:399368666
NameArray:0,Mac,4,MarkPro-Bold
NameArray:0,Win,1,MarkPro-Bold
NameArray:0,Win,16,Mark Pro
%EndFont

%BeginFont
Handler:DirectoryHandler
FontType:Type1
FontName:MarkPro
FamilyName:Mark Pro
StyleName:Regular
MenuName:MarkPro
StyleBits:0
WeightClass:400
WidthClass:5
AngleClass:0
FullName:MarkPro
WritingScript:Roman
OutlineFileName:/Users/timograhl/Desktop/CORELEUS_Web_200619/Document fonts/FontFont_FF.Mark.Pro.otf
DataFormat:sfntData
UsesStandardEncoding:yes
isCFF:yes
hasSVG:no
VariableFontType:NonVariableFont
FileLength:165396
FileModTime:399370848
NameArray:0,Mac,4,MarkPro
NameArray:0,Win,1,MarkPro
NameArray:0,Win,16,Mark Pro
%EndFont

%BeginFont
Handler:DirectoryHandler
FontType:TrueType
FontName:Marion-Regular
FamilyName:Marion
StyleName:Regular
MenuName:Marion
StyleBits:0
WeightClass:400
WidthClass:5
AngleClass:0
FullName:Marion Regular
WritingScript:Roman
OutlineFileName:/Users/timograhl/Desktop/CORELEUS_Web_200619/Document fonts/Marion.ttc
TTCOffset:36
DataFormat:sfntData
hasSVG:no
VariableFontType:NonVariableFont
FileLength:927292
FileModTime:540359361
NameArray:0,Mac,4,Marion Regular
NameArray:0,Win,1,Marion
%EndFont

%BeginFont
Handler:DirectoryHandler
FontType:TrueType
FontName:Marion-Italic
FamilyName:Marion
StyleName:Italic
MenuName:Marion
StyleBits:1
WeightClass:400
WidthClass:5
AngleClass:1
FullName:Marion Italic
WritingScript:Roman
OutlineFileName:/Users/timograhl/Desktop/CORELEUS_Web_200619/Document fonts/Marion.ttc
TTCOffset:336
DataFormat:sfntData
hasSVG:no
VariableFontType:NonVariableFont
FileLength:927292
FileModTime:540359361
NameArray:0,Mac,4,Marion Italic
NameArray:0,Win,1,Marion
%EndFont

%BeginFont
Handler:DirectoryHandler
FontType:TrueType
FontName:Marion-Bold
FamilyName:Marion
StyleName:Bold
MenuName:Marion
StyleBits:2
WeightClass:700
WidthClass:5
AngleClass:0
FullName:Marion Bold
WritingScript:Roman
OutlineFileName:/Users/timograhl/Desktop/CORELEUS_Web_200619/Document fonts/Marion.ttc
TTCOffset:636
DataFormat:sfntData
hasSVG:no
VariableFontType:NonVariableFont
FileLength:927292
FileModTime:540359361
NameArray:0,Mac,4,Marion Bold
NameArray:0,Win,1,Marion
%EndFont

